2026-04-22 10:49:34.087+0000 INFO  [o.n.g.f.m.GlobalModule] Logging config in use: File '/var/lib/neo4j/conf/server-logs.xml'
2026-04-22 10:49:35.030+0000 INFO  [o.n.i.d.DiagnosticsManager] 
                                                                ********************************************************************************
                                                                                             [ System diagnostics ]                             
                                                                ********************************************************************************
2026-04-22 10:49:35.031+0000 INFO  [o.n.i.d.DiagnosticsManager] 
                                                                --------------------------------------------------------------------------------
                                                                                         [ System memory information ]                          
                                                                --------------------------------------------------------------------------------
                                                                Total Physical memory: 7.653GiB
                                                                Free Physical memory: 5.147GiB
                                                                Committed virtual memory: 4.707GiB
                                                                Total swap space: 1024MiB
                                                                Free swap space: 1024MiB
                                                                
2026-04-22 10:49:35.032+0000 INFO  [o.n.i.d.DiagnosticsManager] 
                                                                --------------------------------------------------------------------------------
                                                                                           [ JVM memory information ]                           
                                                                --------------------------------------------------------------------------------
                                                                Free  memory: 483.7MiB
                                                                Total memory: 512.0MiB
                                                                Max   memory: 1.000GiB
                                                                Garbage Collector: G1 Young Generation: [G1 Eden Space, G1 Survivor Space, G1 Old Gen]
                                                                Garbage Collector: G1 Concurrent GC: [G1 Old Gen]
                                                                Garbage Collector: G1 Old Generation: [G1 Eden Space, G1 Survivor Space, G1 Old Gen]
                                                                Memory Pool: CodeHeap 'non-nmethods' (Non-heap memory): committed=2.438MiB, used=1.477MiB, max=5.570MiB, threshold=0B
                                                                Memory Pool: Metaspace (Non-heap memory): committed=22.38MiB, used=22.01MiB, max=-1B, threshold=0B
                                                                Memory Pool: CodeHeap 'profiled nmethods' (Non-heap memory): committed=5.563MiB, used=5.524MiB, max=117.2MiB, threshold=0B
                                                                Memory Pool: Compressed Class Space (Non-heap memory): committed=2.500MiB, used=2.325MiB, max=1.000GiB, threshold=0B
                                                                Memory Pool: G1 Eden Space (Heap memory): committed=318.0MiB, used=7.000MiB, max=-1B, threshold=?
                                                                Memory Pool: G1 Old Gen (Heap memory): committed=189.0MiB, used=15.82MiB, max=1.000GiB, threshold=0B
                                                                Memory Pool: G1 Survivor Space (Heap memory): committed=5.000MiB, used=5.000MiB, max=-1B, threshold=?
                                                                Memory Pool: CodeHeap 'non-profiled nmethods' (Non-heap memory): committed=2.438MiB, used=1.386MiB, max=117.2MiB, threshold=0B
                                                                
2026-04-22 10:49:35.032+0000 INFO  [o.n.i.d.DiagnosticsManager] 
                                                                --------------------------------------------------------------------------------
                                                                                        [ Operating system information ]                        
                                                                --------------------------------------------------------------------------------
                                                                Operating System: Linux; version: 6.12.54-linuxkit; arch: amd64; cpus: 12
                                                                Max number of file descriptors: 1048576
                                                                Number of open file descriptors: 232
                                                                Process id: 7
                                                                Byte order: LITTLE_ENDIAN
                                                                Local timezone: Etc/UTC
                                                                Memory page size: 4096
                                                                Unaligned memory access allowed: true
                                                                
2026-04-22 10:49:35.033+0000 INFO  [o.n.i.d.DiagnosticsManager] 
                                                                --------------------------------------------------------------------------------
                                                                                              [ JVM information ]                               
                                                                --------------------------------------------------------------------------------
                                                                VM Name: OpenJDK 64-Bit Server VM
                                                                VM Vendor: Eclipse Adoptium
                                                                VM Version: 21.0.10+7-LTS
                                                                JIT compiler: HotSpot 64-Bit Tiered Compilers
                                                                VM Arguments: [-XX:+UseG1GC, -XX:-OmitStackTraceInFastThrow, -XX:+AlwaysPreTouch, -XX:+UnlockExperimentalVMOptions, -XX:+TrustFinalNonStaticFields, -XX:+DisableExplicitGC, -Djdk.nio.maxCachedBufferSize=1024, -Dio.netty.tryReflectionSetAccessible=true, -Djdk.tls.ephemeralDHKeySize=2048, -Djdk.tls.rejectClientInitiatedRenegotiation=true, -XX:FlightRecorderOptions=stackdepth=256, -XX:+UnlockDiagnosticVMOptions, -XX:+DebugNonSafepoints, --add-opens=java.base/java.nio=ALL-UNNAMED, --add-opens=java.base/java.io=ALL-UNNAMED, --add-opens=java.base/sun.nio.ch=ALL-UNNAMED, --enable-native-access=ALL-UNNAMED, -Dlog4j2.disable.jmx=true, -Dlog4j.layout.jsonTemplate.maxStringLength=32768, -Dfile.encoding=UTF-8, -Xms524288k, -Xmx1048576k]
                                                                
2026-04-22 10:49:35.033+0000 INFO  [o.n.i.d.DiagnosticsManager] 
                                                                --------------------------------------------------------------------------------
                                                                                               [ Java classpath ]                               
                                                                --------------------------------------------------------------------------------
                                                                 [classpath] /var/lib/neo4j/lib/neo4j-unsafe-5.26.25.jar
                                                                 [classpath] /var/lib/neo4j/lib/parquet-jackson-1.17.0.jar
                                                                 [classpath] /var/lib/neo4j/lib/neo4j-cypher-rendering-5.26.25.jar
                                                                 [classpath] /var/lib/neo4j/lib/jackson-annotations-2.21.jar
                                                                 [classpath] /var/lib/neo4j/lib/jackson-module-jaxb-annotations-2.21.1.jar
                                                                 [classpath] /var/lib/neo4j/lib/jetty-ee8-webapp-12.0.33.jar
                                                                 [classpath] /var/lib/neo4j/lib/cypher-v5-parser-listener-5.26.25.jar
                                                                 [classpath] /var/lib/neo4j/lib/jaxb-runtime-2.3.2.jar
                                                                 [classpath] /var/lib/neo4j/lib/neo4j-bolt-connection-pooled-11.0.0.jar
                                                                 [classpath] /var/lib/neo4j/lib/antlr4-runtime-4.13.2.jar
                                                                 [classpath] /var/lib/neo4j/lib/neo4j-wal-5.26.25.jar
                                                                 [classpath] /var/lib/neo4j/lib/shiro-core-2.1.0.jar
                                                                 [classpath] /var/lib/neo4j/lib/caffeine-3.1.8.jar
                                                                 [classpath] /var/lib/neo4j/lib/cypher-antlr-common-5.26.25.jar
                                                                 [classpath] /var/lib/neo4j/lib/netty-transport-native-epoll-4.1.132.Final-linux-x86_64.jar
                                                                 [classpath] /var/lib/neo4j/lib/magnolia_2.13-1.1.8.jar
                                                                 [classpath] /var/lib/neo4j/lib/scala-library-2.13.11.jar
                                                                 [classpath] /var/lib/neo4j/lib/neo4j-security-5.26.25.jar
                                                                 [classpath] /var/lib/neo4j/lib/neo4j-cypher-planner-5.26.25.jar
                                                                 [classpath] /var/lib/neo4j/lib/commons-compress-1.27.1.jar
                                                                 [classpath] /var/lib/neo4j/lib/neo4j-values-5.26.25.jar
                                                                 [classpath] /var/lib/neo4j/lib/neo4j-diagnostics-5.26.25.jar
                                                                 [classpath] /var/lib/neo4j/lib/shiro-crypto-hash-2.1.0.jar
                                                                 [classpath] /var/lib/neo4j/conf/*
                                                                 [classpath] /var/lib/neo4j/lib/jackson-databind-2.21.1.jar
                                                                 [classpath] /var/lib/neo4j/lib/neo4j-ssl-5.26.25.jar
                                                                 [classpath] /var/lib/neo4j/lib/neo4j-storage-engine-util-5.26.25.jar
                                                                 [classpath] /var/lib/neo4j/lib/WMI4Java-1.6.3.jar
                                                                 [classpath] /var/lib/neo4j/lib/neo4j-common-5.26.25.jar
                                                                 [classpath] /var/lib/neo4j/lib/jakarta.xml.bind-api-2.3.2.jar
                                                                 [classpath] /var/lib/neo4j/lib/jProcesses-1.6.5.jar
                                                                 [classpath] /var/lib/neo4j/lib/neo4j-cypher-logical-plans-5.26.25.jar
                                                                 [classpath] /var/lib/neo4j/lib/log4j-api-2.25.3.jar
                                                                 [classpath] /var/lib/neo4j/lib/hk2-locator-2.6.1.jar
                                                                 [classpath] /var/lib/neo4j/lib/neo4j-bootcheck-5.26.25.jar
                                                                 [classpath] /var/lib/neo4j/lib/neo4j-logging-5.26.25.jar
                                                                 [classpath] /var/lib/neo4j/lib/snappy-java-1.1.10.7.jar
                                                                 [classpath] /var/lib/neo4j/lib/eclipse-collections-api-11.1.0.jar
                                                                 [classpath] /var/lib/neo4j/lib/neo4j-expressions-5.26.25.jar
                                                                 [classpath] /var/lib/neo4j/lib/jersey-container-servlet-2.46.jar
                                                                 [classpath] /var/lib/neo4j/lib/jansi-2.4.0.jar
                                                                 [classpath] /var/lib/neo4j/lib/neo4j-fulltext-index-5.26.25.jar
                                                                 [classpath] /var/lib/neo4j/lib/netty-transport-4.1.132.Final.jar
                                                                 [classpath] /var/lib/neo4j/lib/neo4j-java-driver-5.28.12.jar
                                                                 [classpath] /var/lib/neo4j/lib/cypher-v5-literal-interpreter-5.26.25.jar
                                                                 [classpath] /var/lib/neo4j/lib/jetty-session-12.0.33.jar
                                                                 [classpath] /var/lib/neo4j/lib/neo4j-cypher-macros-5.26.25.jar
                                                                 [classpath] /var/lib/neo4j/lib/jline-terminal-3.21.0.jar
                                                                 [classpath] /var/lib/neo4j/lib/ipaddress-5.5.1.jar
                                                                 [classpath] /var/lib/neo4j/lib/shiro-crypto-cipher-2.1.0.jar
                                                                 [classpath] /var/lib/neo4j/lib/jetty-http2-hpack-12.0.33.jar
                                                                 [classpath] /var/lib/neo4j/lib/lucene-queryparser-9.11.1.jar
                                                                 [classpath] /var/lib/neo4j/lib/neo4j-cypher-cache-5.26.25.jar
                                                                 [classpath] /var/lib/neo4j/lib/netty-codec-http-4.1.132.Final.jar
                                                                 [classpath] /var/lib/neo4j/lib/jetty-servlet-api-4.0.9.jar
                                                                 [classpath] /var/lib/neo4j/lib/reactor-core-3.7.12.jar
                                                                 [classpath] /var/lib/neo4j/lib/jetty-http2-server-12.0.33.jar
                                                                 [classpath] /var/lib/neo4j/lib/neo4j-codegen-5.26.25.jar
                                                                 [classpath] /var/lib/neo4j/lib/zstd-jni-1.5.6-6.jar
                                                                 [classpath] /var/lib/neo4j/lib/kiama_2.13-2.5.1.jar
                                                                 [classpath] /var/lib/neo4j/lib/jakarta.ws.rs-api-2.1.6.jar
                                                                 [classpath] /var/lib/neo4j/lib/annotations-5.26.25.jar
                                                                 [classpath] /var/lib/neo4j/lib/log4j-layout-template-json-2.25.3.jar
                                                                 [classpath] /var/lib/neo4j/lib/neo4j-collections-5.26.25.jar
                                                                 [classpath] /var/lib/neo4j/lib/shiro-crypto-core-2.1.0.jar
                                                                 [classpath] /var/lib/neo4j/lib/neo4j-record-storage-engine-5.26.25.jar
                                                                 [classpath] /var/lib/neo4j/lib/lucene-analysis-common-9.11.1.jar
                                                                 [classpath] /var/lib/neo4j/lib/istack-commons-runtime-3.0.8.jar
                                                                 [classpath] /var/lib/neo4j/lib/neo4j-monitoring-5.26.25.jar
                                                                 [classpath] /var/lib/neo4j/lib/eclipse-collections-11.1.0.jar
                                                                 [classpath] /var/lib/neo4j/lib/jetty-ee8-nested-12.0.33.jar
                                                                 [classpath] /var/lib/neo4j/lib/parquet-floor-1.62.jar
                                                                 [classpath] /var/lib/neo4j/lib/jetty-http-12.0.33.jar
                                                                 [classpath] /var/lib/neo4j/lib/commons-text-1.12.0.jar
                                                                 [classpath] /var/lib/neo4j/lib/neo4j-cypher-config-5.26.25.jar
                                                                 [classpath] /var/lib/neo4j/lib/jetty-alpn-java-server-12.0.33.jar
                                                                 [classpath] /var/lib/neo4j/lib/neo4j-cypher-ir-5.26.25.jar
                                                                 [classpath] /var/lib/neo4j/lib/jts-core-1.20.0.jar
                                                                 [classpath] /var/lib/neo4j/lib/neo4j-kernel-api-5.26.25.jar
                                                                 [classpath] /var/lib/neo4j/lib/neo4j-notifications-5.26.25.jar
                                                                 [classpath] /var/lib/neo4j/lib/neo4j-push-to-cloud-5.26.25.jar
                                                                 [classpath] /var/lib/neo4j/lib/jakarta.validation-api-2.0.2.jar
                                                                 [classpath] /var/lib/neo4j/lib/picocli-4.7.6.jar
                                                                 [classpath] /var/lib/neo4j/lib/neo4j-cypher-runtime-util-5.26.25.jar
                                                                 [classpath] /var/lib/neo4j/lib/hk2-utils-2.6.1.jar
                                                                 [classpath] /var/lib/neo4j/lib/stax-ex-1.8.1.jar
                                                                 [classpath] /var/lib/neo4j/lib/txw2-2.3.2.jar
                                                                 [classpath] /var/lib/neo4j/lib/neo4j-cypher-interpreted-runtime-5.26.25.jar
                                                                 [classpath] /var/lib/neo4j/lib/commons-io-2.17.0.jar
                                                                 [classpath] /var/lib/neo4j/lib/jackson-jaxrs-base-2.21.1.jar
                                                                 [classpath] /var/lib/neo4j/lib/argparse4j-0.9.0.jar
                                                                 [classpath] /var/lib/neo4j/lib/neo4j-native-5.26.25.jar
                                                                 [classpath] /var/lib/neo4j/lib/netty-common-4.1.132.Final.jar
                                                                 [classpath] /var/lib/neo4j/lib/neo4j-fabric-5.26.25.jar
                                                                 [classpath] /var/lib/neo4j/lib/neo4j-5.26.25.jar
                                                                 [classpath] /var/lib/neo4j/lib/netty-tcnative-classes-2.0.74.Final.jar
                                                                 [classpath] /var/lib/neo4j/lib/jetty-security-12.0.33.jar
                                                                 [classpath] /var/lib/neo4j/lib/lucene-backward-codecs-9.11.1.jar
                                                                 [classpath] /var/lib/neo4j/lib/neo4j-layout-5.26.25.jar
                                                                 [classpath] /var/lib/neo4j/lib/jetty-util-12.0.33.jar
                                                                 [classpath] /var/lib/neo4j/lib/neo4j-slf4j-provider-5.26.25.jar
                                                                 [classpath] /var/lib/neo4j/lib/server-api-5.26.25.jar
                                                                 [classpath] /var/lib/neo4j/lib/cypher-parser-ast-common-5.26.25.jar
                                                                 [classpath] /var/lib/neo4j/lib/neo4j-index-5.26.25.jar
                                                                 [classpath] /var/lib/neo4j/lib/neo4j-consistency-check-5.26.25.jar
                                                                 [classpath] /var/lib/neo4j/lib/jetty-server-12.0.33.jar
                                                                 [classpath] /var/lib/neo4j/lib/neo4j-graph-algo-5.26.25.jar
                                                                 [classpath] /var/lib/neo4j/lib/cypher-v5-ast-factory-5.26.25.jar
                                                                 [classpath] /var/lib/neo4j/lib/shiro-hashes-argon2-2.1.0.jar
                                                                 [classpath] /var/lib/neo4j/lib/scala-collection-contrib_2.13-0.3.0.jar
                                                                 [classpath] /var/lib/neo4j/lib/parquet-column-1.17.0.jar
                                                                 [classpath] /var/lib/neo4j/lib/cypher-parser-common-5.26.25.jar
                                                                 [classpath] /var/lib/neo4j/lib/neo4j-exceptions-5.26.25.jar
                                                                 [classpath] /var/lib/neo4j/lib/cypher-ast-factory-5.26.25.jar
                                                                 [classpath] /var/lib/neo4j/lib/neo4j-kernel-5.26.25.jar
                                                                 [classpath] /var/lib/neo4j/lib/neo4j-server-5.26.25.jar
                                                                 [classpath] /var/lib/neo4j/lib/commons-codec-1.17.1.jar
                                                                 [classpath] /var/lib/neo4j/lib/neo4j-import-api-5.26.25.jar
                                                                 [classpath] /var/lib/neo4j/lib/netty-transport-classes-kqueue-4.1.132.Final.jar
                                                                 [classpath] /var/lib/neo4j/lib/cypher-v5-antlr-parser-5.26.25.jar
                                                                 [classpath] /var/lib/neo4j/lib/jPowerShell-3.0.jar
                                                                 [classpath] /var/lib/neo4j/lib/neo4j-rewriting-5.26.25.jar
                                                                 [classpath] /var/lib/neo4j/lib/reactive-streams-1.0.4.jar
                                                                 [classpath] /var/lib/neo4j/lib/netty-handler-4.1.132.Final.jar
                                                                 [classpath] /var/lib/neo4j/lib/neo4j-util-5.26.25.jar
                                                                 [classpath] /var/lib/neo4j/lib/neo4j-cypher-slotted-runtime-5.26.25.jar
                                                                 [classpath] /var/lib/neo4j/lib/cypher-shell-5.26.25.jar
                                                                 [classpath] /var/lib/neo4j/lib/neo4j-cloud-5.26.25.jar
                                                                 [classpath] /var/lib/neo4j/lib/parquet-format-structures-1.17.0.jar
                                                                 [classpath] /var/lib/neo4j/lib/neo4j-gql-status-5.26.25.jar
                                                                 [classpath] /var/lib/neo4j/lib/neo4j-resource-5.26.25.jar
                                                                 [classpath] /var/lib/neo4j/lib/neo4j-command-line-5.26.25.jar
                                                                 [classpath] /var/lib/neo4j/lib/netty-buffer-4.1.132.Final.jar
                                                                 [classpath] /var/lib/neo4j/lib/jackson-core-2.21.1.jar
                                                                 [classpath] /var/lib/neo4j/lib/jaxb-api-2.2.12.jar
                                                                 [classpath] /var/lib/neo4j/lib/netty-tcnative-classes-2.0.75.Final.jar
                                                                 [classpath] /var/lib/neo4j/lib/netty-transport-native-kqueue-4.1.132.Final-osx-aarch_64.jar
                                                                 [classpath] /var/lib/neo4j/lib/neo4j-spatial-index-5.26.25.jar
                                                                 [classpath] /var/lib/neo4j/lib/jetty-ee8-servlet-12.0.33.jar
                                                                 [classpath] /var/lib/neo4j/lib/neo4j-cypher-dsl-2024.2.0.jar
                                                                 [classpath] /var/lib/neo4j/lib/log4j-core-2.25.3.jar
                                                                 [classpath] /var/lib/neo4j/lib/neo4j-procedure-api-5.26.25.jar
                                                                 [classpath] /var/lib/neo4j/lib/neo4j-bolt-connection-routed-11.0.0.jar
                                                                 [classpath] /var/lib/neo4j/lib/parquet-common-1.17.0.jar
                                                                 [classpath] /var/lib/neo4j/lib/jetty-alpn-server-12.0.33.jar
                                                                 [classpath] /var/lib/neo4j/lib/parquet-encoding-1.17.0.jar
                                                                 [classpath] /var/lib/neo4j/lib/javax.annotation-api-1.3.2.jar
                                                                 [classpath] /var/lib/neo4j/lib/neo4j-schema-5.26.25.jar
                                                                 [classpath] /var/lib/neo4j/lib/jna-5.15.0.jar
                                                                 [classpath] /var/lib/neo4j/lib/netty-transport-native-epoll-4.1.132.Final-linux-aarch_64.jar
                                                                 [classpath] /var/lib/neo4j/lib/neo4j-ast-5.26.25.jar
                                                                 [classpath] /var/lib/neo4j/lib/neo4j-io-5.26.25.jar
                                                                 [classpath] /var/lib/neo4j/lib/jersey-common-2.46.jar
                                                                 [classpath] /var/lib/neo4j/lib/neo4j-cypher-planner-spi-5.26.25.jar
                                                                 [classpath] /var/lib/neo4j/lib/jersey-client-2.46.jar
                                                                 [classpath] /var/lib/neo4j/lib/jetty-http2-common-12.0.33.jar
                                                                 [classpath] /var/lib/neo4j/lib/jersey-hk2-2.46.jar
                                                                 [classpath] /var/lib/neo4j/lib/neo4j-query-router-5.26.25.jar
                                                                 [classpath] /var/lib/neo4j/lib/neo4j-capabilities-5.26.25.jar
                                                                 [classpath] /var/lib/neo4j/lib/neo4j-front-end-5.26.25.jar
                                                                 [classpath] /var/lib/neo4j/lib/neo4j-import-tool-5.26.25.jar
                                                                 [classpath] /var/lib/neo4j/lib/neo4j-cypher-5.26.25.jar
                                                                 [classpath] /var/lib/neo4j/lib/jetty-xml-12.0.33.jar
                                                                 [classpath] /var/lib/neo4j/lib/jersey-server-2.46.jar
                                                                 [classpath] /var/lib/neo4j/lib/cypher-v25-parser-listener-5.26.25.jar
                                                                 [classpath] /var/lib/neo4j/lib/parquet-hadoop-1.17.0.jar
                                                                 [classpath] /var/lib/neo4j/lib/cypher-antlr-ast-common-5.26.25.jar
                                                                 [classpath] /var/lib/neo4j/lib/netty-transport-classes-epoll-4.1.132.Final.jar
                                                                 [classpath] /var/lib/neo4j/lib/neo4j-data-collector-5.26.25.jar
                                                                 [classpath] /var/lib/neo4j/lib/commons-configuration2-2.11.0.jar
                                                                 [classpath] /var/lib/neo4j/lib/neo4j-graphdb-api-5.26.25.jar
                                                                 [classpath] /var/lib/neo4j/lib/neo4j-token-api-5.26.25.jar
                                                                 [classpath] /var/lib/neo4j/lib/shiro-cache-2.1.0.jar
                                                                 [classpath] /var/lib/neo4j/lib/netty-transport-native-unix-common-4.1.132.Final.jar
                                                                 [classpath] /var/lib/neo4j/lib/jline-terminal-jansi-3.21.0.jar
                                                                 [classpath] /var/lib/neo4j/lib/neo4j-cypher-physical-planning-5.26.25.jar
                                                                 [classpath] /var/lib/neo4j/lib/hk2-api-2.6.1.jar
                                                                 [classpath] /var/lib/neo4j/lib/neo4j-import-util-5.26.25.jar
                                                                 [classpath] /var/lib/neo4j/lib/neo4j-bolt-connection-netty-11.0.0.jar
                                                                 [classpath] /var/lib/neo4j/lib/neo4j-procedure-5.26.25.jar
                                                                 [classpath] /var/lib/neo4j/lib/neo4j-udc-5.26.25.jar
                                                                 [classpath] /var/lib/neo4j/lib/neo4j-cypher-expression-evaluator-5.26.25.jar
                                                                 [classpath] /var/lib/neo4j/lib/netty-resolver-4.1.132.Final.jar
                                                                 [classpath] /var/lib/neo4j/lib/neo4j-csv-5.26.25.jar
                                                                 [classpath] /var/lib/neo4j/lib/shiro-event-2.1.0.jar
                                                                 [classpath] /var/lib/neo4j/lib/commons-logging-1.3.4.jar
                                                                 [classpath] /var/lib/neo4j/lib/neo4j-cypher-ast-factory-5.26.25.jar
                                                                 [classpath] /var/lib/neo4j/lib/jakarta.activation-api-1.2.2.jar
                                                                 [classpath] /var/lib/neo4j/lib/neo4j-bolt-connection-11.0.0.jar
                                                                 [classpath] /var/lib/neo4j/plugins/*
                                                                 [classpath] /var/lib/neo4j/lib/jersey-container-servlet-core-2.46.jar
                                                                 [classpath] /var/lib/neo4j/lib/neo4j-dbms-5.26.25.jar
                                                                 [classpath] /var/lib/neo4j/lib/jettison-1.5.4.jar
                                                                 [classpath] /var/lib/neo4j/lib/jakarta.inject-2.6.1.jar
                                                                 [classpath] /var/lib/neo4j/lib/netty-codec-4.1.132.Final.jar
                                                                 [classpath] /var/lib/neo4j/lib/slf4j-api-2.0.9.jar
                                                                 [classpath] /var/lib/neo4j/lib/neo4j-id-generator-5.26.25.jar
                                                                 [classpath] /var/lib/neo4j/lib/jline-reader-3.21.0.jar
                                                                 [classpath] /var/lib/neo4j/lib/neo4j-lucene-index-5.26.25.jar
                                                                 [classpath] /var/lib/neo4j/lib/FastInfoset-1.2.16.jar
                                                                 [classpath] /var/lib/neo4j/lib/neo4j-cypher-javacc-parser-5.26.25.jar
                                                                 [classpath] /var/lib/neo4j/lib/javassist-3.30.2-GA.jar
                                                                 [classpath] /var/lib/neo4j/lib/neo4j-bolt-5.26.25.jar
                                                                 [classpath] /var/lib/neo4j/lib/zstd-proxy-5.26.25.jar
                                                                 [classpath] /var/lib/neo4j/lib/commons-lang3-3.18.0.jar
                                                                 [classpath] /var/lib/neo4j/lib/shiro-lang-2.1.0.jar
                                                                 [classpath] /var/lib/neo4j/lib/shiro-hashes-bcrypt-2.1.0.jar
                                                                 [classpath] /var/lib/neo4j/lib/scala-reflect-2.13.11.jar
                                                                 [classpath] /var/lib/neo4j/lib/jakarta.annotation-api-1.3.5.jar
                                                                 [classpath] /var/lib/neo4j/lib/jctools-core-4.0.5.jar
                                                                 [classpath] /var/lib/neo4j/lib/cypher-v25-antlr-parser-5.26.25.jar
                                                                 [classpath] /var/lib/neo4j/lib/shiro-config-core-2.1.0.jar
                                                                 [classpath] /var/lib/neo4j/lib/neo4j-lock-5.26.25.jar
                                                                 [classpath] /var/lib/neo4j/lib/cypher-v25-ast-factory-5.26.25.jar
                                                                 [classpath] /var/lib/neo4j/lib/cypher-parser-factory-5.26.25.jar
                                                                 [classpath] /var/lib/neo4j/lib/neo4j-configuration-5.26.25.jar
                                                                 [classpath] /var/lib/neo4j/lib/netty-transport-native-kqueue-4.1.132.Final-osx-x86_64.jar
                                                                 [classpath] /var/lib/neo4j/lib/jetty-ee-12.0.33.jar
                                                                 [classpath] /var/lib/neo4j/lib/jackson-jaxrs-json-provider-2.21.1.jar
                                                                 [classpath] /var/lib/neo4j/lib/jetty-io-12.0.33.jar
                                                                 [classpath] /var/lib/neo4j/lib/lucene-core-9.11.1.jar
                                                                 [classpath] /var/lib/neo4j/lib/jetty-ee8-security-12.0.33.jar
                                                                 [classpath] /var/lib/neo4j/lib/neo4j-concurrent-5.26.25.jar
                                                                
2026-04-22 10:49:35.035+0000 INFO  [o.n.i.d.DiagnosticsManager] 
                                                                --------------------------------------------------------------------------------
                                                                                                [ Library path ]                                
                                                                --------------------------------------------------------------------------------
                                                                /usr/java/packages/lib
                                                                /usr/lib64
                                                                /usr/lib64
                                                                /usr/lib
                                                                /usr/lib
                                                                
2026-04-22 10:49:35.035+0000 INFO  [o.n.i.d.DiagnosticsManager] 
                                                                --------------------------------------------------------------------------------
                                                                                             [ System properties ]                              
                                                                --------------------------------------------------------------------------------
                                                                jdk.tls.rejectClientInitiatedRenegotiation = true
                                                                sun.jnu.encoding = UTF-8
                                                                log4j.layout.jsonTemplate.maxStringLength = 32768
                                                                sun.arch.data.model = 64
                                                                user.timezone = Etc/UTC
                                                                sun.java.launcher = SUN_STANDARD
                                                                sun.boot.library.path = /opt/java/openjdk/lib
                                                                sun.java.command = org.neo4j.server.CommunityEntryPoint --home-dir=/var/lib/neo4j --config-dir=/var/lib/neo4j/conf --console-mode
                                                                jdk.debug = release
                                                                io.netty.tryReflectionSetAccessible = true
                                                                sun.cpu.endian = little
                                                                user.home = /var/lib/neo4j
                                                                user.language = en
                                                                file.separator = /
                                                                jdk.tls.ephemeralDHKeySize = 2048
                                                                sun.management.compiler = HotSpot 64-Bit Tiered Compilers
                                                                user.name = neo4j
                                                                stdout.encoding = UTF-8
                                                                jdk.nio.maxCachedBufferSize = 1024
                                                                path.separator = :
                                                                file.encoding = UTF-8
                                                                jnidispatch.path = /var/lib/neo4j/.cache/JNA/temp/jna13382831113090124530.tmp
                                                                jna.loaded = true
                                                                user.dir = /var/lib/neo4j
                                                                native.encoding = UTF-8
                                                                stderr.encoding = UTF-8
                                                                sun.io.unicode.encoding = UnicodeLittle
                                                                log4j2.disable.jmx = true
                                                                
2026-04-22 10:49:35.036+0000 INFO  [o.n.i.d.DiagnosticsManager] 
                                                                --------------------------------------------------------------------------------
                                                                                      [ (IANA) TimeZone database version ]                      
                                                                --------------------------------------------------------------------------------
                                                                  TimeZone version: 2025b (available for 604 zone identifiers)
                                                                
2026-04-22 10:49:35.037+0000 INFO  [o.n.i.d.DiagnosticsManager] 
                                                                --------------------------------------------------------------------------------
                                                                                            [ Network information ]                             
                                                                --------------------------------------------------------------------------------
                                                                Interface eth0:
                                                                    address: 172.20.0.2
                                                                Interface lo:
                                                                    address: 0:0:0:0:0:0:0:1%lo
                                                                    address: 127.0.0.1
                                                                
2026-04-22 10:49:35.038+0000 INFO  [o.n.i.d.DiagnosticsManager] 
                                                                --------------------------------------------------------------------------------
                                                                                         [ Native access information ]                          
                                                                --------------------------------------------------------------------------------
                                                                Native access details: Linux native access is available.
                                                                
2026-04-22 10:49:35.038+0000 INFO  [o.n.i.d.DiagnosticsManager] 
                                                                --------------------------------------------------------------------------------
                                                                                                [ DBMS config ]                                 
                                                                --------------------------------------------------------------------------------
                                                                DBMS provided settings:
                                                                db.tx_log.rotation.retention_policy=2 days 2G
                                                                dbms.security.procedures.unrestricted=db.index.*
                                                                server.bolt.enabled=true
                                                                server.default_listen_address=0.0.0.0
                                                                server.directories.import=/var/lib/neo4j/import
                                                                server.directories.logs=/logs
                                                                server.directories.neo4j_home=/var/lib/neo4j
                                                                server.http.enabled=true
                                                                server.https.enabled=false
                                                                server.jvm.additional=-XX:+UseG1GC
-XX:-OmitStackTraceInFastThrow
-XX:+AlwaysPreTouch
-XX:+UnlockExperimentalVMOptions
-XX:+TrustFinalNonStaticFields
-XX:+DisableExplicitGC
-Djdk.nio.maxCachedBufferSize=1024
-Dio.netty.tryReflectionSetAccessible=true
-Djdk.tls.ephemeralDHKeySize=2048
-Djdk.tls.rejectClientInitiatedRenegotiation=true
-XX:FlightRecorderOptions=stackdepth=256
-XX:+UnlockDiagnosticVMOptions
-XX:+DebugNonSafepoints
--add-opens=java.base/java.nio=ALL-UNNAMED
--add-opens=java.base/java.io=ALL-UNNAMED
--add-opens=java.base/sun.nio.ch=ALL-UNNAMED
--enable-native-access=ALL-UNNAMED
-Dlog4j2.disable.jmx=true
-Dlog4j.layout.jsonTemplate.maxStringLength=32768
                                                                server.memory.heap.initial_size=512.00MiB
                                                                server.memory.heap.max_size=1.00GiB
                                                                server.memory.pagecache.size=512.00MiB
                                                                server.windows_service_name=neo4j
                                                                Directories in use:
                                                                server.directories.data=/var/lib/neo4j/data
                                                                server.directories.dumps.root=/var/lib/neo4j/data/dumps
                                                                server.directories.import=/var/lib/neo4j/import
                                                                server.directories.lib=/var/lib/neo4j/lib
                                                                server.directories.licenses=/var/lib/neo4j/licenses
                                                                server.directories.logs=/logs
                                                                server.directories.neo4j_home=/var/lib/neo4j
                                                                server.directories.plugins=/var/lib/neo4j/plugins
                                                                server.directories.run=/var/lib/neo4j/run
                                                                server.directories.script.root=/var/lib/neo4j/data/scripts
                                                                server.directories.transaction.logs.root=/var/lib/neo4j/data/transactions
                                                                
2026-04-22 10:49:35.039+0000 INFO  [o.n.i.d.DiagnosticsManager] 
                                                                --------------------------------------------------------------------------------
                                                                                                 [ Packaging ]                                  
                                                                --------------------------------------------------------------------------------
                                                                Edition: Community
                                                                Package Type: docker trixie
                                                                
2026-04-22 10:49:35.092+0000 INFO  [o.n.d.i.DefaultIdentityModule] Generated new ServerId: ServerId{54c28c38} (54c28c38-45fb-4d94-a040-29a0261e4459)
2026-04-22 10:49:35.094+0000 INFO  [o.n.d.i.DefaultIdentityModule] This instance is ServerId{54c28c38} (54c28c38-45fb-4d94-a040-29a0261e4459)
2026-04-22 10:49:37.490+0000 INFO  [o.n.s.CommunityNeoWebServer] ======== Neo4j 5.26.25 ========
2026-04-22 10:49:37.526+0000 INFO  [o.n.d.d.DatabaseLifecycles] Creating 'DatabaseId{00000000[system]}'.
2026-04-22 10:49:37.951+0000 INFO  [o.n.b.BoltServer] Using connector transport epoll
2026-04-22 10:49:38.068+0000 INFO  [o.n.b.BoltServer] Configured external Bolt connector with listener address /0.0.0.0:7687
2026-04-22 10:49:38.070+0000 INFO  [o.n.b.BoltServer] Bolt server loaded
2026-04-22 10:49:38.113+0000 INFO  [o.n.d.d.DatabaseLifecycles] Starting 'DatabaseId{00000000[system]}'.
2026-04-22 10:49:39.525+0000 INFO  [o.n.i.d.DiagnosticsManager] [system/00000000] 
                                                                [system/00000000] ********************************************************************************
                                                                [system/00000000]                               [ Database: system ]                              
                                                                [system/00000000] ********************************************************************************
                                                                [system/00000000] --------------------------------------------------------------------------------
                                                                [system/00000000]                                   [ Version ]                                   
                                                                [system/00000000] --------------------------------------------------------------------------------
                                                                [system/00000000] DBMS: community record-aligned-1.1
                                                                [system/00000000] Kernel version: 5.26.25
                                                                [system/00000000] 
                                                                [system/00000000] --------------------------------------------------------------------------------
                                                                [system/00000000]                                 [ Store files ]                                 
                                                                [system/00000000] --------------------------------------------------------------------------------
                                                                [system/00000000] Disk space on partition (Total / Free / Free %): 499963174912 / 143475920896 / 28
                                                                [system/00000000] Storage files stored on file store: fakeowner
                                                                [system/00000000] Storage files: (filename : modification date - size)
                                                                [system/00000000]   neostore: 2026-04-22 10:49:39.295+0000 - 8.000KiB
                                                                [system/00000000]   neostore.counts.db: 2026-04-22 10:49:39.336+0000 - 0B
                                                                [system/00000000]   neostore.indexstats.db: 2026-04-22 10:49:39.362+0000 - 0B
                                                                [system/00000000]   neostore.labeltokenstore.db: 2026-04-22 10:49:39.266+0000 - 0B
                                                                [system/00000000]   neostore.labeltokenstore.db.id: 2026-04-22 10:49:39.264+0000 - 0B
                                                                [system/00000000]   neostore.labeltokenstore.db.names: 2026-04-22 10:49:39.260+0000 - 8.000KiB
                                                                [system/00000000]   neostore.labeltokenstore.db.names.id: 2026-04-22 10:49:39.256+0000 - 0B
                                                                [system/00000000]   neostore.nodestore.db: 2026-04-22 10:49:39.213+0000 - 0B
                                                                [system/00000000]   neostore.nodestore.db.id: 2026-04-22 10:49:39.211+0000 - 0B
                                                                [system/00000000]   neostore.nodestore.db.labels: 2026-04-22 10:49:39.189+0000 - 8.000KiB
                                                                [system/00000000]   neostore.nodestore.db.labels.id: 2026-04-22 10:49:39.090+0000 - 0B
                                                                [system/00000000]   neostore.propertystore.db: 2026-04-22 10:49:39.240+0000 - 0B
                                                                [system/00000000]   neostore.propertystore.db.arrays: 2026-04-22 10:49:39.233+0000 - 8.000KiB
                                                                [system/00000000]   neostore.propertystore.db.arrays.id: 2026-04-22 10:49:39.231+0000 - 0B
                                                                [system/00000000]   neostore.propertystore.db.id: 2026-04-22 10:49:39.238+0000 - 0B
                                                                [system/00000000]   neostore.propertystore.db.index: 2026-04-22 10:49:39.224+0000 - 0B
                                                                [system/00000000]   neostore.propertystore.db.index.id: 2026-04-22 10:49:39.222+0000 - 0B
                                                                [system/00000000]   neostore.propertystore.db.index.keys: 2026-04-22 10:49:39.217+0000 - 8.000KiB
                                                                [system/00000000]   neostore.propertystore.db.index.keys.id: 2026-04-22 10:49:39.215+0000 - 0B
                                                                [system/00000000]   neostore.propertystore.db.strings: 2026-04-22 10:49:39.228+0000 - 8.000KiB
                                                                [system/00000000]   neostore.propertystore.db.strings.id: 2026-04-22 10:49:39.226+0000 - 0B
                                                                [system/00000000]   neostore.relationshipgroupstore.db: 2026-04-22 10:49:39.279+0000 - 8.000KiB
                                                                [system/00000000]   neostore.relationshipgroupstore.db.id: 2026-04-22 10:49:39.276+0000 - 0B
                                                                [system/00000000]   neostore.relationshipgroupstore.degrees.db: 2026-04-22 10:49:39.351+0000 - 0B
                                                                [system/00000000]   neostore.relationshipstore.db: 2026-04-22 10:49:39.244+0000 - 0B
                                                                [system/00000000]   neostore.relationshipstore.db.id: 2026-04-22 10:49:39.242+0000 - 0B
                                                                [system/00000000]   neostore.relationshiptypestore.db: 2026-04-22 10:49:39.254+0000 - 0B
                                                                [system/00000000]   neostore.relationshiptypestore.db.id: 2026-04-22 10:49:39.252+0000 - 0B
                                                                [system/00000000]   neostore.relationshiptypestore.db.names: 2026-04-22 10:49:39.248+0000 - 8.000KiB
                                                                [system/00000000]   neostore.relationshiptypestore.db.names.id: 2026-04-22 10:49:39.246+0000 - 0B
                                                                [system/00000000]   neostore.schemastore.db: 2026-04-22 10:49:39.272+0000 - 8.000KiB
                                                                [system/00000000]   neostore.schemastore.db.id: 2026-04-22 10:49:39.269+0000 - 0B
                                                                [system/00000000] Storage summary: 
                                                                [system/00000000]   Total size of store: 72.00KiB
                                                                [system/00000000]   Total size of mapped files: 72.00KiB
                                                                [system/00000000] 
                                                                [system/00000000] --------------------------------------------------------------------------------
                                                                [system/00000000]                               [ Transaction log ]                               
                                                                [system/00000000] --------------------------------------------------------------------------------
                                                                [system/00000000] Transaction log files stored on file store: fakeowner
                                                                [system/00000000] Transaction log metadata:
                                                                [system/00000000]  - current kernel version used in transactions: V5_25
                                                                [system/00000000]  - last committed transaction id: 1
                                                                [system/00000000] Transaction log files:
                                                                [system/00000000]  - existing transaction log versions: -1--1
                                                                [system/00000000]  - no transactions found
                                                                [system/00000000] Checkpoint log files:
                                                                [system/00000000]  - existing checkpoint log versions: -1--1
                                                                [system/00000000]  - no checkpoints found
                                                                [system/00000000] 
                                                                [system/00000000] --------------------------------------------------------------------------------
                                                                [system/00000000]                                   [ Id usage ]                                  
                                                                [system/00000000] --------------------------------------------------------------------------------
                                                                [system/00000000] ArrayPropertyStore[neostore.nodestore.db.labels]: used=1 high=0
                                                                [system/00000000] NodeStore[neostore.nodestore.db]: used=0 high=-1
                                                                [system/00000000] StringPropertyStore[neostore.propertystore.db.index.keys]: used=1 high=0
                                                                [system/00000000] PropertyIndexStore[neostore.propertystore.db.index]: used=0 high=-1
                                                                [system/00000000] StringPropertyStore[neostore.propertystore.db.strings]: used=1 high=0
                                                                [system/00000000] ArrayPropertyStore[neostore.propertystore.db.arrays]: used=1 high=0
                                                                [system/00000000] PropertyStore[neostore.propertystore.db]: used=0 high=-1
                                                                [system/00000000] RelationshipStore[neostore.relationshipstore.db]: used=0 high=-1
                                                                [system/00000000] StringPropertyStore[neostore.relationshiptypestore.db.names]: used=1 high=0
                                                                [system/00000000] RelationshipTypeStore[neostore.relationshiptypestore.db]: used=0 high=-1
                                                                [system/00000000] StringPropertyStore[neostore.labeltokenstore.db.names]: used=1 high=0
                                                                [system/00000000] LabelTokenStore[neostore.labeltokenstore.db]: used=0 high=-1
                                                                [system/00000000] SchemaStore[neostore.schemastore.db]: used=1 high=0
                                                                [system/00000000] RelationshipGroupStore[neostore.relationshipgroupstore.db]: used=1 high=0
                                                                [system/00000000] NeoStore[neostore]: used=-1 high=-1
                                                                [system/00000000] 
                                                                [system/00000000] --------------------------------------------------------------------------------
                                                                [system/00000000]                                   [ Metadata ]                                  
                                                                [system/00000000] --------------------------------------------------------------------------------
                                                                [system/00000000] EXTERNAL_STORE_UUID (Database identifier exposed as external store identity. Generated on creation and never updated): 22589fea-4b22-4387-a437-cf3959253da6
                                                                [system/00000000] DATABASE_ID (The last used DatabaseId for this database): null
                                                                [system/00000000] LEGACY_STORE_VERSION (Legacy store format version. This field is used from 5.0 onwards only to distinguish non-migrated pre 5.0 metadata stores.): -3523014627327384477
                                                                [system/00000000] STORE_ID (Store ID): StoreId{creationTime=1776854979290, random=-3117859578814071738, storageEngineName='record', formatName='aligned', majorVersion=1, minorVersion=1}
                                                                [system/00000000] 
2026-04-22 10:49:39.567+0000 INFO  [o.n.k.a.DatabaseAvailabilityGuard] [system/00000000] Requirement `Database unavailable` makes database system unavailable.
2026-04-22 10:49:39.568+0000 INFO  [o.n.k.a.DatabaseAvailabilityGuard] [system/00000000] DatabaseId{00000000[system]} is unavailable.
2026-04-22 10:49:39.591+0000 WARN  [o.n.k.i.s.MetaDataStore] [system/00000000] Missing counts store, rebuilding it.
2026-04-22 10:49:39.601+0000 WARN  [o.n.k.i.s.MetaDataStore] [system/00000000] Counts store rebuild completed.
2026-04-22 10:49:39.716+0000 INFO  [o.n.k.d.Database] [system/00000000] Starting transaction log [/data/transactions/system/neostore.transaction.db.0] at version=0
2026-04-22 10:49:39.735+0000 INFO  [o.n.k.d.Database] [system/00000000] Starting transaction log [/data/transactions/system/checkpoint.0] at version=0
2026-04-22 10:49:39.744+0000 INFO  [o.n.k.i.t.l.f.c.CheckpointLogFile] [system/00000000] Scanning log file with version 0 for checkpoint entries
2026-04-22 10:49:39.769+0000 INFO  [o.n.k.a.DatabaseAvailabilityGuard] [system/00000000] Fulfilling of requirement 'Database unavailable' makes database system available.
2026-04-22 10:49:39.770+0000 INFO  [o.n.k.a.DatabaseAvailabilityGuard] [system/00000000] DatabaseId{00000000[system]} is ready.
2026-04-22 10:49:40.038+0000 INFO  [o.n.k.i.a.i.IndexPopulationJob] [system/00000000] Index population started: [Index( id=1, name='index_343aff4e', type='LOOKUP', schema=(:<any-labels>), indexProvider='token-lookup-1.0' )]
2026-04-22 10:49:40.115+0000 INFO  [o.n.k.i.a.i.IndexPopulationJob] [system/00000000] Index creation finished for index [Index( id=1, name='index_343aff4e', type='LOOKUP', schema=(:<any-labels>), indexProvider='token-lookup-1.0' )].
2026-04-22 10:49:40.129+0000 INFO  [o.n.k.i.a.i.IndexPopulationJob] [system/00000000] Index population started: [Index( id=2, name='index_f7700477', type='LOOKUP', schema=()-[:<any-types>]-(), indexProvider='token-lookup-1.0' )]
2026-04-22 10:49:40.144+0000 INFO  [o.n.k.i.a.i.IndexPopulationJob] [system/00000000] Index creation finished for index [Index( id=2, name='index_f7700477', type='LOOKUP', schema=()-[:<any-types>]-(), indexProvider='token-lookup-1.0' )].
2026-04-22 10:49:40.155+0000 INFO  [o.n.k.i.t.l.c.CheckPointerImpl] [system/00000000] Checkpoint triggered by "Database init completed." @ txId: 3, append index: 3 checkpoint started...
2026-04-22 10:49:40.231+0000 INFO  [o.n.k.i.t.l.c.CheckPointerImpl] [system/00000000] Checkpoint triggered by "Database init completed." @ txId: 3, append index: 3 checkpoint completed in 74ms. Checkpoint flushed 74 pages (0% of total available pages), in 57 IOs. Checkpoint performed with IO limit: unlimited, paused in total 0 times( 0 millis).
2026-04-22 10:49:40.237+0000 INFO  [o.n.k.i.t.l.p.LogPruningImpl] [system/00000000] No log version pruned. The strategy used was '2 days 2147483648 size'. 
2026-04-22 10:49:40.368+0000 INFO  [o.n.k.i.a.i.IndexPopulationJob] [system/00000000] Index population started: [Index( id=3, name='constraint_798238d6', type='RANGE', schema=(:DatabaseName {name, namespace}), indexProvider='range-1.0' )]
2026-04-22 10:49:40.414+0000 INFO  [o.n.k.i.a.i.IndexPopulationJob] [system/00000000] Index creation finished for index [Index( id=3, name='constraint_798238d6', type='RANGE', schema=(:DatabaseName {name, namespace}), indexProvider='range-1.0' )].
2026-04-22 10:49:40.455+0000 INFO  [o.n.k.i.a.i.IndexPopulationJob] [system/00000000] Index population started: [Index( id=4, name='constraint_8014b60a', type='RANGE', schema=(:Database {name}), indexProvider='range-1.0' )]
2026-04-22 10:49:40.472+0000 INFO  [o.n.k.i.a.i.IndexPopulationJob] [system/00000000] Index creation finished for index [Index( id=4, name='constraint_8014b60a', type='RANGE', schema=(:Database {name}), indexProvider='range-1.0' )].
2026-04-22 10:49:40.506+0000 INFO  [o.n.k.i.a.i.IndexingService] [system/00000000] Constraint Index( id=3, name='constraint_798238d6', type='RANGE', schema=(:Label[1] {PropertyKey[11], PropertyKey[12]}), indexProvider='range-1.0' ) is ONLINE.
2026-04-22 10:49:40.507+0000 INFO  [o.n.k.i.a.i.IndexingService] [system/00000000] Constraint Index( id=4, name='constraint_8014b60a', type='RANGE', schema=(:Label[2] {PropertyKey[11]}), indexProvider='range-1.0' ) is ONLINE.
2026-04-22 10:49:40.743+0000 INFO  [o.n.k.i.a.i.IndexPopulationJob] [system/00000000] Index population started: [Index( id=7, name='constraint_5789ae3', type='RANGE', schema=(:User {name}), indexProvider='range-1.0' )]
2026-04-22 10:49:40.758+0000 INFO  [o.n.k.i.a.i.IndexPopulationJob] [system/00000000] Index creation finished for index [Index( id=7, name='constraint_5789ae3', type='RANGE', schema=(:User {name}), indexProvider='range-1.0' )].
2026-04-22 10:49:40.778+0000 INFO  [o.n.k.i.a.i.IndexPopulationJob] [system/00000000] Index population started: [Index( id=8, name='constraint_74fad970', type='RANGE', schema=(:User {id}), indexProvider='range-1.0' )]
2026-04-22 10:49:40.795+0000 INFO  [o.n.k.i.a.i.IndexPopulationJob] [system/00000000] Index creation finished for index [Index( id=8, name='constraint_74fad970', type='RANGE', schema=(:User {id}), indexProvider='range-1.0' )].
2026-04-22 10:49:40.813+0000 INFO  [o.n.k.i.a.i.IndexPopulationJob] [system/00000000] Index population started: [Index( id=9, name='auth-constraint', type='RANGE', schema=(:Auth {provider, id}), indexProvider='range-1.0' )]
2026-04-22 10:49:40.830+0000 INFO  [o.n.k.i.a.i.IndexPopulationJob] [system/00000000] Index creation finished for index [Index( id=9, name='auth-constraint', type='RANGE', schema=(:Auth {provider, id}), indexProvider='range-1.0' )].
2026-04-22 10:49:40.848+0000 INFO  [o.n.k.i.a.i.IndexingService] [system/00000000] Constraint Index( id=7, name='constraint_5789ae3', type='RANGE', schema=(:Label[3] {PropertyKey[11]}), indexProvider='range-1.0' ) is ONLINE.
2026-04-22 10:49:40.848+0000 INFO  [o.n.k.i.a.i.IndexingService] [system/00000000] Constraint Index( id=8, name='constraint_74fad970', type='RANGE', schema=(:Label[3] {PropertyKey[27]}), indexProvider='range-1.0' ) is ONLINE.
2026-04-22 10:49:40.849+0000 INFO  [o.n.k.i.a.i.IndexingService] [system/00000000] Constraint Index( id=9, name='auth-constraint', type='RANGE', schema=(:Label[4] {PropertyKey[28], PropertyKey[27]}), indexProvider='range-1.0' ) is ONLINE.
2026-04-22 10:49:40.853+0000 INFO  [o.n.s.s.s.UserSecurityGraphComponent] Initializing system graph model for component 'security-users' with version -1 and status UNINITIALIZED
2026-04-22 10:49:40.865+0000 INFO  [o.n.s.s.s.UserSecurityGraphComponent] Setting up initial user from `auth.ini` file: neo4j
2026-04-22 10:49:40.868+0000 INFO  [o.n.s.s.a.CommunitySecurityModule] CREATE USER neo4j PASSWORD ****** CHANGE NOT REQUIRED
2026-04-22 10:49:40.890+0000 INFO  [o.n.s.s.s.UserSecurityGraphComponent] Setting version for 'security-users' to 5
2026-04-22 10:49:40.895+0000 INFO  [o.n.s.s.s.UserSecurityGraphComponent] After initialization of system graph model component 'security-users' have version 5 and status CURRENT
2026-04-22 10:49:40.904+0000 INFO  [o.n.s.s.s.UserSecurityGraphComponent] Performing postInitialization step for component 'security-users' with version 5 and status CURRENT
2026-04-22 10:49:40.912+0000 INFO  [o.n.d.d.DatabaseLifecycles] Creating 'DatabaseId{b8d07717[neo4j]}'.
2026-04-22 10:49:40.916+0000 INFO  [o.n.d.d.DatabaseLifecycles] Starting 'DatabaseId{b8d07717[neo4j]}'.
2026-04-22 10:49:40.938+0000 INFO  [o.n.k.i.s.f.RecordFormatSelector] [neo4j/b8d07717] Selected configured format for store /data/databases/neo4j: RecordFormat:PageAlignedV5_0[aligned-1.1]
2026-04-22 10:49:41.039+0000 INFO  [o.n.i.d.DiagnosticsManager] [neo4j/b8d07717] 
                                                                [neo4j/b8d07717] ********************************************************************************
                                                                [neo4j/b8d07717]                               [ Database: neo4j ]                               
                                                                [neo4j/b8d07717] ********************************************************************************
                                                                [neo4j/b8d07717] --------------------------------------------------------------------------------
                                                                [neo4j/b8d07717]                                   [ Version ]                                   
                                                                [neo4j/b8d07717] --------------------------------------------------------------------------------
                                                                [neo4j/b8d07717] DBMS: community record-aligned-1.1
                                                                [neo4j/b8d07717] Kernel version: 5.26.25
                                                                [neo4j/b8d07717] 
                                                                [neo4j/b8d07717] --------------------------------------------------------------------------------
                                                                [neo4j/b8d07717]                                 [ Store files ]                                 
                                                                [neo4j/b8d07717] --------------------------------------------------------------------------------
                                                                [neo4j/b8d07717] Disk space on partition (Total / Free / Free %): 499963174912 / 143205232640 / 28
                                                                [neo4j/b8d07717] Storage files stored on file store: fakeowner
                                                                [neo4j/b8d07717] Storage files: (filename : modification date - size)
                                                                [neo4j/b8d07717]   neostore: 2026-04-22 10:49:40.993+0000 - 8.000KiB
                                                                [neo4j/b8d07717]   neostore.counts.db: 2026-04-22 10:49:40.995+0000 - 0B
                                                                [neo4j/b8d07717]   neostore.indexstats.db: 2026-04-22 10:49:40.999+0000 - 0B
                                                                [neo4j/b8d07717]   neostore.labeltokenstore.db: 2026-04-22 10:49:40.983+0000 - 0B
                                                                [neo4j/b8d07717]   neostore.labeltokenstore.db.id: 2026-04-22 10:49:40.982+0000 - 0B
                                                                [neo4j/b8d07717]   neostore.labeltokenstore.db.names: 2026-04-22 10:49:40.979+0000 - 8.000KiB
                                                                [neo4j/b8d07717]   neostore.labeltokenstore.db.names.id: 2026-04-22 10:49:40.978+0000 - 0B
                                                                [neo4j/b8d07717]   neostore.nodestore.db: 2026-04-22 10:49:40.948+0000 - 0B
                                                                [neo4j/b8d07717]   neostore.nodestore.db.id: 2026-04-22 10:49:40.947+0000 - 0B
                                                                [neo4j/b8d07717]   neostore.nodestore.db.labels: 2026-04-22 10:49:40.945+0000 - 8.000KiB
                                                                [neo4j/b8d07717]   neostore.nodestore.db.labels.id: 2026-04-22 10:49:40.941+0000 - 0B
                                                                [neo4j/b8d07717]   neostore.propertystore.db: 2026-04-22 10:49:40.965+0000 - 0B
                                                                [neo4j/b8d07717]   neostore.propertystore.db.arrays: 2026-04-22 10:49:40.962+0000 - 8.000KiB
                                                                [neo4j/b8d07717]   neostore.propertystore.db.arrays.id: 2026-04-22 10:49:40.961+0000 - 0B
                                                                [neo4j/b8d07717]   neostore.propertystore.db.id: 2026-04-22 10:49:40.964+0000 - 0B
                                                                [neo4j/b8d07717]   neostore.propertystore.db.index: 2026-04-22 10:49:40.956+0000 - 0B
                                                                [neo4j/b8d07717]   neostore.propertystore.db.index.id: 2026-04-22 10:49:40.954+0000 - 0B
                                                                [neo4j/b8d07717]   neostore.propertystore.db.index.keys: 2026-04-22 10:49:40.951+0000 - 8.000KiB
                                                                [neo4j/b8d07717]   neostore.propertystore.db.index.keys.id: 2026-04-22 10:49:40.950+0000 - 0B
                                                                [neo4j/b8d07717]   neostore.propertystore.db.strings: 2026-04-22 10:49:40.959+0000 - 8.000KiB
                                                                [neo4j/b8d07717]   neostore.propertystore.db.strings.id: 2026-04-22 10:49:40.957+0000 - 0B
                                                                [neo4j/b8d07717]   neostore.relationshipgroupstore.db: 2026-04-22 10:49:40.990+0000 - 8.000KiB
                                                                [neo4j/b8d07717]   neostore.relationshipgroupstore.db.id: 2026-04-22 10:49:40.989+0000 - 0B
                                                                [neo4j/b8d07717]   neostore.relationshipgroupstore.degrees.db: 2026-04-22 10:49:40.997+0000 - 0B
                                                                [neo4j/b8d07717]   neostore.relationshipstore.db: 2026-04-22 10:49:40.969+0000 - 0B
                                                                [neo4j/b8d07717]   neostore.relationshipstore.db.id: 2026-04-22 10:49:40.968+0000 - 0B
                                                                [neo4j/b8d07717]   neostore.relationshiptypestore.db: 2026-04-22 10:49:40.976+0000 - 0B
                                                                [neo4j/b8d07717]   neostore.relationshiptypestore.db.id: 2026-04-22 10:49:40.974+0000 - 0B
                                                                [neo4j/b8d07717]   neostore.relationshiptypestore.db.names: 2026-04-22 10:49:40.972+0000 - 8.000KiB
                                                                [neo4j/b8d07717]   neostore.relationshiptypestore.db.names.id: 2026-04-22 10:49:40.971+0000 - 0B
                                                                [neo4j/b8d07717]   neostore.schemastore.db: 2026-04-22 10:49:40.986+0000 - 8.000KiB
                                                                [neo4j/b8d07717]   neostore.schemastore.db.id: 2026-04-22 10:49:40.985+0000 - 0B
                                                                [neo4j/b8d07717] Storage summary: 
                                                                [neo4j/b8d07717]   Total size of store: 72.00KiB
                                                                [neo4j/b8d07717]   Total size of mapped files: 72.00KiB
                                                                [neo4j/b8d07717] 
                                                                [neo4j/b8d07717] --------------------------------------------------------------------------------
                                                                [neo4j/b8d07717]                               [ Transaction log ]                               
                                                                [neo4j/b8d07717] --------------------------------------------------------------------------------
                                                                [neo4j/b8d07717] Transaction log files stored on file store: fakeowner
                                                                [neo4j/b8d07717] Transaction log metadata:
                                                                [neo4j/b8d07717]  - current kernel version used in transactions: V5_25
                                                                [neo4j/b8d07717]  - last committed transaction id: 1
                                                                [neo4j/b8d07717] Transaction log files:
                                                                [neo4j/b8d07717]  - existing transaction log versions: -1--1
                                                                [neo4j/b8d07717]  - no transactions found
                                                                [neo4j/b8d07717] Checkpoint log files:
                                                                [neo4j/b8d07717]  - existing checkpoint log versions: -1--1
                                                                [neo4j/b8d07717]  - no checkpoints found
                                                                [neo4j/b8d07717] 
                                                                [neo4j/b8d07717] --------------------------------------------------------------------------------
                                                                [neo4j/b8d07717]                                   [ Id usage ]                                  
                                                                [neo4j/b8d07717] --------------------------------------------------------------------------------
                                                                [neo4j/b8d07717] ArrayPropertyStore[neostore.nodestore.db.labels]: used=1 high=0
                                                                [neo4j/b8d07717] NodeStore[neostore.nodestore.db]: used=0 high=-1
                                                                [neo4j/b8d07717] StringPropertyStore[neostore.propertystore.db.index.keys]: used=1 high=0
                                                                [neo4j/b8d07717] PropertyIndexStore[neostore.propertystore.db.index]: used=0 high=-1
                                                                [neo4j/b8d07717] StringPropertyStore[neostore.propertystore.db.strings]: used=1 high=0
                                                                [neo4j/b8d07717] ArrayPropertyStore[neostore.propertystore.db.arrays]: used=1 high=0
                                                                [neo4j/b8d07717] PropertyStore[neostore.propertystore.db]: used=0 high=-1
                                                                [neo4j/b8d07717] RelationshipStore[neostore.relationshipstore.db]: used=0 high=-1
                                                                [neo4j/b8d07717] StringPropertyStore[neostore.relationshiptypestore.db.names]: used=1 high=0
                                                                [neo4j/b8d07717] RelationshipTypeStore[neostore.relationshiptypestore.db]: used=0 high=-1
                                                                [neo4j/b8d07717] StringPropertyStore[neostore.labeltokenstore.db.names]: used=1 high=0
                                                                [neo4j/b8d07717] LabelTokenStore[neostore.labeltokenstore.db]: used=0 high=-1
                                                                [neo4j/b8d07717] SchemaStore[neostore.schemastore.db]: used=1 high=0
                                                                [neo4j/b8d07717] RelationshipGroupStore[neostore.relationshipgroupstore.db]: used=1 high=0
                                                                [neo4j/b8d07717] NeoStore[neostore]: used=-1 high=-1
                                                                [neo4j/b8d07717] 
                                                                [neo4j/b8d07717] --------------------------------------------------------------------------------
                                                                [neo4j/b8d07717]                                   [ Metadata ]                                  
                                                                [neo4j/b8d07717] --------------------------------------------------------------------------------
                                                                [neo4j/b8d07717] EXTERNAL_STORE_UUID (Database identifier exposed as external store identity. Generated on creation and never updated): ca4cafa8-427d-4b43-9afd-1adcb4436719
                                                                [neo4j/b8d07717] DATABASE_ID (The last used DatabaseId for this database): null
                                                                [neo4j/b8d07717] LEGACY_STORE_VERSION (Legacy store format version. This field is used from 5.0 onwards only to distinguish non-migrated pre 5.0 metadata stores.): -3523014627327384477
                                                                [neo4j/b8d07717] STORE_ID (Store ID): StoreId{creationTime=1776854980991, random=-7447303611067626132, storageEngineName='record', formatName='aligned', majorVersion=1, minorVersion=1}
                                                                [neo4j/b8d07717] 
2026-04-22 10:49:41.044+0000 INFO  [o.n.k.a.DatabaseAvailabilityGuard] [neo4j/b8d07717] Requirement `Database unavailable` makes database neo4j unavailable.
2026-04-22 10:49:41.044+0000 INFO  [o.n.k.a.DatabaseAvailabilityGuard] [neo4j/b8d07717] DatabaseId{b8d07717[neo4j]} is unavailable.
2026-04-22 10:49:41.053+0000 WARN  [o.n.k.i.s.MetaDataStore] [neo4j/b8d07717] Missing counts store, rebuilding it.
2026-04-22 10:49:41.053+0000 WARN  [o.n.k.i.s.MetaDataStore] [neo4j/b8d07717] Counts store rebuild completed.
2026-04-22 10:49:41.161+0000 INFO  [o.n.k.d.Database] [neo4j/b8d07717] Starting transaction log [/data/transactions/neo4j/neostore.transaction.db.0] at version=0
2026-04-22 10:49:41.168+0000 INFO  [o.n.k.d.Database] [neo4j/b8d07717] Starting transaction log [/data/transactions/neo4j/checkpoint.0] at version=0
2026-04-22 10:49:41.176+0000 INFO  [o.n.k.i.t.l.f.c.CheckpointLogFile] [neo4j/b8d07717] Scanning log file with version 0 for checkpoint entries
2026-04-22 10:49:41.186+0000 INFO  [o.n.k.a.DatabaseAvailabilityGuard] [neo4j/b8d07717] Fulfilling of requirement 'Database unavailable' makes database neo4j available.
2026-04-22 10:49:41.186+0000 INFO  [o.n.k.a.DatabaseAvailabilityGuard] [neo4j/b8d07717] DatabaseId{b8d07717[neo4j]} is ready.
2026-04-22 10:49:41.198+0000 INFO  [o.n.k.i.a.i.IndexPopulationJob] [neo4j/b8d07717] Index population started: [Index( id=1, name='index_343aff4e', type='LOOKUP', schema=(:<any-labels>), indexProvider='token-lookup-1.0' )]
2026-04-22 10:49:41.212+0000 INFO  [o.n.k.i.a.i.IndexPopulationJob] [neo4j/b8d07717] Index creation finished for index [Index( id=1, name='index_343aff4e', type='LOOKUP', schema=(:<any-labels>), indexProvider='token-lookup-1.0' )].
2026-04-22 10:49:41.216+0000 INFO  [o.n.k.i.a.i.IndexPopulationJob] [neo4j/b8d07717] Index population started: [Index( id=2, name='index_f7700477', type='LOOKUP', schema=()-[:<any-types>]-(), indexProvider='token-lookup-1.0' )]
2026-04-22 10:49:41.229+0000 INFO  [o.n.k.i.a.i.IndexPopulationJob] [neo4j/b8d07717] Index creation finished for index [Index( id=2, name='index_f7700477', type='LOOKUP', schema=()-[:<any-types>]-(), indexProvider='token-lookup-1.0' )].
2026-04-22 10:49:41.233+0000 INFO  [o.n.k.i.t.l.c.CheckPointerImpl] [neo4j/b8d07717] Checkpoint triggered by "Database init completed." @ txId: 3, append index: 3 checkpoint started...
2026-04-22 10:49:41.288+0000 INFO  [o.n.k.i.t.l.c.CheckPointerImpl] [neo4j/b8d07717] Checkpoint triggered by "Database init completed." @ txId: 3, append index: 3 checkpoint completed in 54ms. Checkpoint flushed 74 pages (0% of total available pages), in 57 IOs. Checkpoint performed with IO limit: unlimited, paused in total 0 times( 0 millis).
2026-04-22 10:49:41.289+0000 INFO  [o.n.k.i.t.l.p.LogPruningImpl] [neo4j/b8d07717] No log version pruned. The strategy used was '2 days 2147483648 size'. 
2026-04-22 10:49:41.291+0000 INFO  [o.n.u.UserDataCollector] Anonymous Usage Data is being sent to Neo4j, see https://neo4j.com/docs/usage-data/
2026-04-22 10:49:41.410+0000 INFO  [o.n.b.p.c.c.n.SocketNettyConnector] Bolt enabled on 0.0.0.0:7687.
2026-04-22 10:49:41.412+0000 WARN  [i.n.b.ServerBootstrap] Unknown channel option 'SO_REUSEADDR' for channel '[id: 0x93ee9f2a]' of type 'class io.netty.channel.local.LocalServerChannel'
2026-04-22 10:49:41.423+0000 INFO  [o.n.b.BoltServer] Bolt server started
2026-04-22 10:49:41.424+0000 INFO  [o.n.s.A.ServerComponentsLifecycleAdapter] Starting web server
2026-04-22 10:49:43.763+0000 INFO  [o.n.s.CommunityNeoWebServer] HTTP enabled on 0.0.0.0:7474.
2026-04-22 10:49:43.765+0000 INFO  [o.n.s.CommunityNeoWebServer] Remote interface available at http://localhost:7474/
2026-04-22 10:49:43.765+0000 INFO  [o.n.s.A.ServerComponentsLifecycleAdapter] Web server started.
2026-04-22 10:49:43.770+0000 INFO  [o.n.g.f.DatabaseManagementServiceFactory] id: 9C10D8953B9788A9DED40006752F9F15D4B119820FB4043C2A56D9822E39E5D4
2026-04-22 10:49:43.771+0000 INFO  [o.n.g.f.DatabaseManagementServiceFactory] name: system
2026-04-22 10:49:43.772+0000 INFO  [o.n.g.f.DatabaseManagementServiceFactory] creationDate: 2026-04-22T10:49:39.29Z
2026-04-22 10:53:17.112+0000 INFO  [o.n.k.i.a.i.IndexPopulationJob] [neo4j/b8d07717] Index population started: [Index( id=3, name='chunk_vector_index', type='VECTOR', schema=(:Chunk {embedding}), indexProvider='vector-2.0' )]
2026-04-22 10:53:17.341+0000 INFO  [o.n.k.i.a.i.IndexPopulationJob] [neo4j/b8d07717] Index creation finished for index [Index( id=3, name='chunk_vector_index', type='VECTOR', schema=(:Chunk {embedding}), indexProvider='vector-2.0' )].
2026-04-22 11:04:49.868+0000 INFO  [o.n.k.i.t.l.c.CheckPointerImpl] [system/00000000] Checkpoint triggered by "Scheduled checkpoint for every 15 minutes threshold" @ txId: 41, append index: 41 checkpoint started...
2026-04-22 11:04:49.935+0000 INFO  [o.n.k.i.t.l.c.CheckPointerImpl] [system/00000000] Checkpoint triggered by "Scheduled checkpoint for every 15 minutes threshold" @ txId: 41, append index: 41 checkpoint completed in 64ms. Checkpoint flushed 73 pages (0% of total available pages), in 73 IOs. Checkpoint performed with IO limit: unlimited, paused in total 0 times( 0 millis).
2026-04-22 11:04:49.935+0000 INFO  [o.n.k.i.t.l.p.LogPruningImpl] [system/00000000] No log version pruned. The strategy used was '2 days 2147483648 size'. 
2026-04-22 11:04:51.296+0000 INFO  [o.n.k.i.t.l.c.CheckPointerImpl] [neo4j/b8d07717] Checkpoint triggered by "Scheduled checkpoint for every 15 minutes threshold" @ txId: 28, append index: 28 checkpoint started...
2026-04-22 11:04:51.369+0000 INFO  [o.n.k.i.t.l.c.CheckPointerImpl] [neo4j/b8d07717] Checkpoint triggered by "Scheduled checkpoint for every 15 minutes threshold" @ txId: 28, append index: 28 checkpoint completed in 72ms. Checkpoint flushed 75 pages (0% of total available pages), in 74 IOs. Checkpoint performed with IO limit: unlimited, paused in total 0 times( 0 millis).
2026-04-22 11:04:51.370+0000 INFO  [o.n.k.i.t.l.p.LogPruningImpl] [neo4j/b8d07717] No log version pruned. The strategy used was '2 days 2147483648 size'. 
2026-04-22 11:25:33.289+0000 INFO  [o.n.c.i.c.CypherQueryCaches] [neo4j/b8d07717] Discarded stale query from the query cache after 1935 seconds. Reason: NodesAllCardinality changed from 10.0 to 92.0, which is a divergence of 0.8913043478260869 which is greater than threshold 0.5010556513899171. Query id: 16.
2026-04-22 11:25:33.397+0000 INFO  [o.n.c.i.c.CypherQueryCaches] [neo4j/b8d07717] Discarded stale query from the query cache after 1935 seconds. Reason: NodesAllCardinality changed from 10.0 to 92.0, which is a divergence of 0.8913043478260869 which is greater than threshold 0.5010652393704748. Query id: 17.
2026-04-22 11:25:33.420+0000 INFO  [o.n.c.i.c.CypherQueryCaches] [neo4j/b8d07717] Discarded stale query from the query cache after 1935 seconds. Reason: NodesAllCardinality changed from 10.0 to 92.0, which is a divergence of 0.8913043478260869 which is greater than threshold 0.5010632526416616. Query id: 19.
2026-04-22 11:25:33.716+0000 INFO  [o.n.c.i.c.CypherQueryCaches] [neo4j/b8d07717] Discarded stale query from the query cache after 1935 seconds. Reason: NodesAllCardinality changed from 10.0 to 92.0, which is a divergence of 0.8913043478260869 which is greater than threshold 0.5010907227240047. Query id: 20.
2026-04-22 11:25:41.538+0000 INFO  [o.n.k.i.t.l.c.CheckPointerImpl] [neo4j/b8d07717] Checkpoint triggered by "Scheduled checkpoint for every 15 minutes threshold" @ txId: 34, append index: 34 checkpoint started...
2026-04-22 11:25:41.682+0000 INFO  [o.n.k.i.t.l.c.CheckPointerImpl] [neo4j/b8d07717] Checkpoint triggered by "Scheduled checkpoint for every 15 minutes threshold" @ txId: 34, append index: 34 checkpoint completed in 141ms. Checkpoint flushed 66 pages (0% of total available pages), in 58 IOs. Checkpoint performed with IO limit: unlimited, paused in total 0 times( 0 millis).
2026-04-22 11:25:41.683+0000 INFO  [o.n.k.i.t.l.p.LogPruningImpl] [neo4j/b8d07717] No log version pruned. The strategy used was '2 days 2147483648 size'. 
